src/actions/chapters.ts(60,7): error TS2322: Type '{ workId: string; title: string; order: number; isFree: boolean; publishAt: Date; images: string[]; }' is not assignable to type '(Without<ChapterCreateInput, ChapterUncheckedCreateInput> & ChapterUncheckedCreateInput) | (Without<...> & ChapterCreateInput)'.
  Type '{ workId: string; title: string; order: number; isFree: boolean; publishAt: Date; images: string[]; }' is not assignable to type 'Without<ChapterCreateInput, ChapterUncheckedCreateInput> & ChapterUncheckedCreateInput'.
    Property 'slug' is missing in type '{ workId: string; title: string; order: number; isFree: boolean; publishAt: Date; images: string[]; }' but required in type 'ChapterUncheckedCreateInput'.
src/actions/workflow.ts(73,11): error TS2353: Object literal may only specify known properties, and 'translationUrl' does not exist in type '(Without<ChapterUpdateInput, ChapterUncheckedUpdateInput> & ChapterUncheckedUpdateInput) | (Without<...> & ChapterUpdateInput)'.
src/actions/workflow.ts(81,11): error TS2353: Object literal may only specify known properties, and 'editedZipUrl' does not exist in type '(Without<ChapterUpdateInput, ChapterUncheckedUpdateInput> & ChapterUncheckedUpdateInput) | (Without<...> & ChapterUpdateInput)'.
src/actions/workflow.ts(117,17): error TS2353: Object literal may only specify known properties, and 'workStatus' does not exist in type '(Without<ChapterUpdateInput, ChapterUncheckedUpdateInput> & ChapterUncheckedUpdateInput) | (Without<...> & ChapterUpdateInput)'.
src/actions/workflow.ts(122,17): error TS2353: Object literal may only specify known properties, and 'workStatus' does not exist in type '(Without<ChapterUpdateInput, ChapterUncheckedUpdateInput> & ChapterUncheckedUpdateInput) | (Without<...> & ChapterUpdateInput)'.
src/actions/workflow.ts(145,17): error TS2353: Object literal may only specify known properties, and 'workStatus' does not exist in type '(Without<ChapterUpdateInput, ChapterUncheckedUpdateInput> & ChapterUncheckedUpdateInput) | (Without<...> & ChapterUpdateInput)'.
src/app/api/chapters/upload/route.ts(121,9): error TS2353: Object literal may only specify known properties, and 'workStatus' does not exist in type 'Without<ChapterCreateInput, ChapterUncheckedCreateInput> & ChapterUncheckedCreateInput'.
src/app/dashboard/obras/[id]/page.tsx(108,60): error TS2339: Property 'workStatus' does not exist on type '{ id: string; createdAt: Date; updatedAt: Date; title: string; slug: string; workId: string; order: number; isFree: boolean; publishAt: Date; pricePremium: number; priceLite: number; images: string[]; }'.
src/app/dashboard/obras/[id]/page.tsx(138,50): error TS2339: Property 'workStatus' does not exist on type '{ id: string; createdAt: Date; updatedAt: Date; title: string; slug: string; workId: string; order: number; isFree: boolean; publishAt: Date; pricePremium: number; priceLite: number; images: string[]; }'.
src/app/dashboard/workspace/page.tsx(28,7): error TS2353: Object literal may only specify known properties, and 'workStatus' does not exist in type 'ChapterWhereInput'.
src/app/dashboard/workspace/page.tsx(41,45): error TS2339: Property 'workStatus' does not exist on type '{ id: string; createdAt: Date; updatedAt: Date; title: string; slug: string; workId: string; order: number; isFree: boolean; publishAt: Date; pricePremium: number; priceLite: number; images: string[]; }'.
src/app/dashboard/workspace/page.tsx(42,42): error TS2339: Property 'workStatus' does not exist on type '{ id: string; createdAt: Date; updatedAt: Date; title: string; slug: string; workId: string; order: number; isFree: boolean; publishAt: Date; pricePremium: number; priceLite: number; images: string[]; }'.
src/app/dashboard/workspace/page.tsx(42,75): error TS2339: Property 'workStatus' does not exist on type '{ id: string; createdAt: Date; updatedAt: Date; title: string; slug: string; workId: string; order: number; isFree: boolean; publishAt: Date; pricePremium: number; priceLite: number; images: string[]; }'.
src/app/dashboard/workspace/page.tsx(43,37): error TS2339: Property 'workStatus' does not exist on type '{ id: string; createdAt: Date; updatedAt: Date; title: string; slug: string; workId: string; order: number; isFree: boolean; publishAt: Date; pricePremium: number; priceLite: number; images: string[]; }'.
src/app/works/[id]/chapters/new/page.tsx(38,9): error TS2322: Type 'Resolver<{ title: string; order: unknown; isFree: boolean; publishAt: string; }, any, { title: string; order: number; isFree: boolean; publishAt: string; }>' is not assignable to type 'Resolver<{ title: string; order: number; isFree: boolean; publishAt: string; }, any, { title: string; order: number; isFree: boolean; publishAt: string; }>'.
  Types of parameters 'options' and 'options' are incompatible.
    Type 'ResolverOptions<{ title: string; order: number; isFree: boolean; publishAt: string; }>' is not assignable to type 'ResolverOptions<{ title: string; order: unknown; isFree: boolean; publishAt: string; }>'.
      Type 'unknown' is not assignable to type 'number'.
src/app/works/[id]/chapters/new/page.tsx(106,51): error TS2345: Argument of type '(values: { title: string; order: number; isFree: boolean; publishAt: string; }) => Promise<void>' is not assignable to parameter of type 'SubmitHandler<TFieldValues>'.
  Types of parameters 'values' and 'data' are incompatible.
    Type 'TFieldValues' is not assignable to type '{ title: string; order: number; isFree: boolean; publishAt: string; }'.
      Type 'FieldValues' is missing the following properties from type '{ title: string; order: number; isFree: boolean; publishAt: string; }': title, order, isFree, publishAt
src/app/works/[id]/chapters/new/page.tsx(114,37): error TS2322: Type 'Control<{ title: string; order: number; isFree: boolean; publishAt: string; }, any, TFieldValues>' is not assignable to type 'Control<{ title: string; order: number; isFree: boolean; publishAt: string; }, any, { title: string; order: number; isFree: boolean; publishAt: string; }>'.
  The types of '_options.resolver' are incompatible between these types.
    Type 'Resolver<{ title: string; order: number; isFree: boolean; publishAt: string; }, any, TFieldValues> | undefined' is not assignable to type 'Resolver<{ title: string; order: number; isFree: boolean; publishAt: string; }, any, { title: string; order: number; isFree: boolean; publishAt: string; }> | undefined'.
      Type 'Resolver<{ title: string; order: number; isFree: boolean; publishAt: string; }, any, TFieldValues>' is not assignable to type 'Resolver<{ title: string; order: number; isFree: boolean; publishAt: string; }, any, { title: string; order: number; isFree: boolean; publishAt: string; }>'.
        Type 'ResolverResult<{ title: string; order: number; isFree: boolean; publishAt: string; }, TFieldValues> | Promise<ResolverResult<{ title: string; order: number; isFree: boolean; publishAt: string; }, TFieldValues>>' is not assignable to type 'ResolverResult<{ title: string; order: number; isFree: boolean; publishAt: string; }, { title: string; order: number; isFree: boolean; publishAt: string; }> | Promise<ResolverResult<{ title: string; order: number; isFree: boolean; publishAt: string; }, { ...; }>>'.
          Type 'ResolverSuccess<TFieldValues>' is not assignable to type 'ResolverResult<{ title: string; order: number; isFree: boolean; publishAt: string; }, { title: string; order: number; isFree: boolean; publishAt: string; }> | Promise<ResolverResult<{ title: string; order: number; isFree: boolean; publishAt: string; }, { ...; }>>'.
            Type 'ResolverSuccess<TFieldValues>' is not assignable to type 'ResolverSuccess<{ title: string; order: number; isFree: boolean; publishAt: string; }>'.
              Type 'TFieldValues' is not assignable to type '{ title: string; order: number; isFree: boolean; publishAt: string; }'.
                Type 'FieldValues' is missing the following properties from type '{ title: string; order: number; isFree: boolean; publishAt: string; }': title, order, isFree, publishAt
src/app/works/[id]/chapters/new/page.tsx(127,37): error TS2322: Type 'Control<{ title: string; order: number; isFree: boolean; publishAt: string; }, any, TFieldValues>' is not assignable to type 'Control<{ title: string; order: number; isFree: boolean; publishAt: string; }, any, { title: string; order: number; isFree: boolean; publishAt: string; }>'.
  The types of '_options.resolver' are incompatible between these types.
    Type 'Resolver<{ title: string; order: number; isFree: boolean; publishAt: string; }, any, TFieldValues> | undefined' is not assignable to type 'Resolver<{ title: string; order: number; isFree: boolean; publishAt: string; }, any, { title: string; order: number; isFree: boolean; publishAt: string; }> | undefined'.
      Type 'Resolver<{ title: string; order: number; isFree: boolean; publishAt: string; }, any, TFieldValues>' is not assignable to type 'Resolver<{ title: string; order: number; isFree: boolean; publishAt: string; }, any, { title: string; order: number; isFree: boolean; publishAt: string; }>'.
        Type 'ResolverResult<{ title: string; order: number; isFree: boolean; publishAt: string; }, TFieldValues> | Promise<ResolverResult<{ title: string; order: number; isFree: boolean; publishAt: string; }, TFieldValues>>' is not assignable to type 'ResolverResult<{ title: string; order: number; isFree: boolean; publishAt: string; }, { title: string; order: number; isFree: boolean; publishAt: string; }> | Promise<ResolverResult<{ title: string; order: number; isFree: boolean; publishAt: string; }, { ...; }>>'.
          Type 'ResolverSuccess<TFieldValues>' is not assignable to type 'ResolverResult<{ title: string; order: number; isFree: boolean; publishAt: string; }, { title: string; order: number; isFree: boolean; publishAt: string; }> | Promise<ResolverResult<{ title: string; order: number; isFree: boolean; publishAt: string; }, { ...; }>>'.
            Type 'ResolverSuccess<TFieldValues>' is not assignable to type 'ResolverSuccess<{ title: string; order: number; isFree: boolean; publishAt: string; }>'.
              Type 'TFieldValues' is not assignable to type '{ title: string; order: number; isFree: boolean; publishAt: string; }'.
                Type 'FieldValues' is missing the following properties from type '{ title: string; order: number; isFree: boolean; publishAt: string; }': title, order, isFree, publishAt
src/app/works/[id]/chapters/new/page.tsx(140,37): error TS2322: Type 'Control<{ title: string; order: number; isFree: boolean; publishAt: string; }, any, TFieldValues>' is not assignable to type 'Control<{ title: string; order: number; isFree: boolean; publishAt: string; }, any, { title: string; order: number; isFree: boolean; publishAt: string; }>'.
  The types of '_options.resolver' are incompatible between these types.
    Type 'Resolver<{ title: string; order: number; isFree: boolean; publishAt: string; }, any, TFieldValues> | undefined' is not assignable to type 'Resolver<{ title: string; order: number; isFree: boolean; publishAt: string; }, any, { title: string; order: number; isFree: boolean; publishAt: string; }> | undefined'.
      Type 'Resolver<{ title: string; order: number; isFree: boolean; publishAt: string; }, any, TFieldValues>' is not assignable to type 'Resolver<{ title: string; order: number; isFree: boolean; publishAt: string; }, any, { title: string; order: number; isFree: boolean; publishAt: string; }>'.
        Type 'ResolverResult<{ title: string; order: number; isFree: boolean; publishAt: string; }, TFieldValues> | Promise<ResolverResult<{ title: string; order: number; isFree: boolean; publishAt: string; }, TFieldValues>>' is not assignable to type 'ResolverResult<{ title: string; order: number; isFree: boolean; publishAt: string; }, { title: string; order: number; isFree: boolean; publishAt: string; }> | Promise<ResolverResult<{ title: string; order: number; isFree: boolean; publishAt: string; }, { ...; }>>'.
          Type 'ResolverSuccess<TFieldValues>' is not assignable to type 'ResolverResult<{ title: string; order: number; isFree: boolean; publishAt: string; }, { title: string; order: number; isFree: boolean; publishAt: string; }> | Promise<ResolverResult<{ title: string; order: number; isFree: boolean; publishAt: string; }, { ...; }>>'.
            Type 'ResolverSuccess<TFieldValues>' is not assignable to type 'ResolverSuccess<{ title: string; order: number; isFree: boolean; publishAt: string; }>'.
              Type 'TFieldValues' is not assignable to type '{ title: string; order: number; isFree: boolean; publishAt: string; }'.
                Type 'FieldValues' is missing the following properties from type '{ title: string; order: number; isFree: boolean; publishAt: string; }': title, order, isFree, publishAt
src/app/works/[id]/chapters/new/page.tsx(164,37): error TS2322: Type 'Control<{ title: string; order: number; isFree: boolean; publishAt: string; }, any, TFieldValues>' is not assignable to type 'Control<{ title: string; order: number; isFree: boolean; publishAt: string; }, any, { title: string; order: number; isFree: boolean; publishAt: string; }>'.
  The types of '_options.resolver' are incompatible between these types.
    Type 'Resolver<{ title: string; order: number; isFree: boolean; publishAt: string; }, any, TFieldValues> | undefined' is not assignable to type 'Resolver<{ title: string; order: number; isFree: boolean; publishAt: string; }, any, { title: string; order: number; isFree: boolean; publishAt: string; }> | undefined'.
      Type 'Resolver<{ title: string; order: number; isFree: boolean; publishAt: string; }, any, TFieldValues>' is not assignable to type 'Resolver<{ title: string; order: number; isFree: boolean; publishAt: string; }, any, { title: string; order: number; isFree: boolean; publishAt: string; }>'.
        Type 'ResolverResult<{ title: string; order: number; isFree: boolean; publishAt: string; }, TFieldValues> | Promise<ResolverResult<{ title: string; order: number; isFree: boolean; publishAt: string; }, TFieldValues>>' is not assignable to type 'ResolverResult<{ title: string; order: number; isFree: boolean; publishAt: string; }, { title: string; order: number; isFree: boolean; publishAt: string; }> | Promise<ResolverResult<{ title: string; order: number; isFree: boolean; publishAt: string; }, { ...; }>>'.
          Type 'ResolverSuccess<TFieldValues>' is not assignable to type 'ResolverResult<{ title: string; order: number; isFree: boolean; publishAt: string; }, { title: string; order: number; isFree: boolean; publishAt: string; }> | Promise<ResolverResult<{ title: string; order: number; isFree: boolean; publishAt: string; }, { ...; }>>'.
            Type 'ResolverSuccess<TFieldValues>' is not assignable to type 'ResolverSuccess<{ title: string; order: number; isFree: boolean; publishAt: string; }>'.
              Type 'TFieldValues' is not assignable to type '{ title: string; order: number; isFree: boolean; publishAt: string; }'.
                Type 'FieldValues' is missing the following properties from type '{ title: string; order: number; isFree: boolean; publishAt: string; }': title, order, isFree, publishAt
src/components/settings/SettingsForm.tsx(31,9): error TS2322: Type 'Resolver<{ LITE_COIN_PRICE: unknown; PREMIUM_COIN_PRICE: unknown; }, any, { LITE_COIN_PRICE: number; PREMIUM_COIN_PRICE: number; }>' is not assignable to type 'Resolver<{ LITE_COIN_PRICE: number; PREMIUM_COIN_PRICE: number; }, any, { LITE_COIN_PRICE: number; PREMIUM_COIN_PRICE: number; }>'.
  Types of parameters 'options' and 'options' are incompatible.
    Type 'ResolverOptions<{ LITE_COIN_PRICE: number; PREMIUM_COIN_PRICE: number; }>' is not assignable to type 'ResolverOptions<{ LITE_COIN_PRICE: unknown; PREMIUM_COIN_PRICE: unknown; }>'.
      Type 'unknown' is not assignable to type 'number'.
src/components/settings/SettingsForm.tsx(71,51): error TS2345: Argument of type '(values: { LITE_COIN_PRICE: number; PREMIUM_COIN_PRICE: number; }) => Promise<void>' is not assignable to parameter of type 'SubmitHandler<TFieldValues>'.
  Types of parameters 'values' and 'data' are incompatible.
    Type 'TFieldValues' is not assignable to type '{ LITE_COIN_PRICE: number; PREMIUM_COIN_PRICE: number; }'.
      Type 'FieldValues' is missing the following properties from type '{ LITE_COIN_PRICE: number; PREMIUM_COIN_PRICE: number; }': LITE_COIN_PRICE, PREMIUM_COIN_PRICE
src/components/settings/SettingsForm.tsx(88,33): error TS2322: Type 'Control<{ LITE_COIN_PRICE: number; PREMIUM_COIN_PRICE: number; }, any, TFieldValues>' is not assignable to type 'Control<{ LITE_COIN_PRICE: number; PREMIUM_COIN_PRICE: number; }, any, { LITE_COIN_PRICE: number; PREMIUM_COIN_PRICE: number; }>'.
  The types of '_options.resolver' are incompatible between these types.
    Type 'Resolver<{ LITE_COIN_PRICE: number; PREMIUM_COIN_PRICE: number; }, any, TFieldValues> | undefined' is not assignable to type 'Resolver<{ LITE_COIN_PRICE: number; PREMIUM_COIN_PRICE: number; }, any, { LITE_COIN_PRICE: number; PREMIUM_COIN_PRICE: number; }> | undefined'.
      Type 'Resolver<{ LITE_COIN_PRICE: number; PREMIUM_COIN_PRICE: number; }, any, TFieldValues>' is not assignable to type 'Resolver<{ LITE_COIN_PRICE: number; PREMIUM_COIN_PRICE: number; }, any, { LITE_COIN_PRICE: number; PREMIUM_COIN_PRICE: number; }>'.
        Type 'ResolverResult<{ LITE_COIN_PRICE: number; PREMIUM_COIN_PRICE: number; }, TFieldValues> | Promise<ResolverResult<{ LITE_COIN_PRICE: number; PREMIUM_COIN_PRICE: number; }, TFieldValues>>' is not assignable to type 'ResolverResult<{ LITE_COIN_PRICE: number; PREMIUM_COIN_PRICE: number; }, { LITE_COIN_PRICE: number; PREMIUM_COIN_PRICE: number; }> | Promise<ResolverResult<{ LITE_COIN_PRICE: number; PREMIUM_COIN_PRICE: number; }, { ...; }>>'.
          Type 'ResolverSuccess<TFieldValues>' is not assignable to type 'ResolverResult<{ LITE_COIN_PRICE: number; PREMIUM_COIN_PRICE: number; }, { LITE_COIN_PRICE: number; PREMIUM_COIN_PRICE: number; }> | Promise<ResolverResult<{ LITE_COIN_PRICE: number; PREMIUM_COIN_PRICE: number; }, { ...; }>>'.
            Type 'ResolverSuccess<TFieldValues>' is not assignable to type 'ResolverSuccess<{ LITE_COIN_PRICE: number; PREMIUM_COIN_PRICE: number; }>'.
              Type 'TFieldValues' is not assignable to type '{ LITE_COIN_PRICE: number; PREMIUM_COIN_PRICE: number; }'.
                Type 'FieldValues' is missing the following properties from type '{ LITE_COIN_PRICE: number; PREMIUM_COIN_PRICE: number; }': LITE_COIN_PRICE, PREMIUM_COIN_PRICE
src/components/settings/SettingsForm.tsx(105,33): error TS2322: Type 'Control<{ LITE_COIN_PRICE: number; PREMIUM_COIN_PRICE: number; }, any, TFieldValues>' is not assignable to type 'Control<{ LITE_COIN_PRICE: number; PREMIUM_COIN_PRICE: number; }, any, { LITE_COIN_PRICE: number; PREMIUM_COIN_PRICE: number; }>'.
  The types of '_options.resolver' are incompatible between these types.
    Type 'Resolver<{ LITE_COIN_PRICE: number; PREMIUM_COIN_PRICE: number; }, any, TFieldValues> | undefined' is not assignable to type 'Resolver<{ LITE_COIN_PRICE: number; PREMIUM_COIN_PRICE: number; }, any, { LITE_COIN_PRICE: number; PREMIUM_COIN_PRICE: number; }> | undefined'.
      Type 'Resolver<{ LITE_COIN_PRICE: number; PREMIUM_COIN_PRICE: number; }, any, TFieldValues>' is not assignable to type 'Resolver<{ LITE_COIN_PRICE: number; PREMIUM_COIN_PRICE: number; }, any, { LITE_COIN_PRICE: number; PREMIUM_COIN_PRICE: number; }>'.
        Type 'ResolverResult<{ LITE_COIN_PRICE: number; PREMIUM_COIN_PRICE: number; }, TFieldValues> | Promise<ResolverResult<{ LITE_COIN_PRICE: number; PREMIUM_COIN_PRICE: number; }, TFieldValues>>' is not assignable to type 'ResolverResult<{ LITE_COIN_PRICE: number; PREMIUM_COIN_PRICE: number; }, { LITE_COIN_PRICE: number; PREMIUM_COIN_PRICE: number; }> | Promise<ResolverResult<{ LITE_COIN_PRICE: number; PREMIUM_COIN_PRICE: number; }, { ...; }>>'.
          Type 'ResolverSuccess<TFieldValues>' is not assignable to type 'ResolverResult<{ LITE_COIN_PRICE: number; PREMIUM_COIN_PRICE: number; }, { LITE_COIN_PRICE: number; PREMIUM_COIN_PRICE: number; }> | Promise<ResolverResult<{ LITE_COIN_PRICE: number; PREMIUM_COIN_PRICE: number; }, { ...; }>>'.
            Type 'ResolverSuccess<TFieldValues>' is not assignable to type 'ResolverSuccess<{ LITE_COIN_PRICE: number; PREMIUM_COIN_PRICE: number; }>'.
              Type 'TFieldValues' is not assignable to type '{ LITE_COIN_PRICE: number; PREMIUM_COIN_PRICE: number; }'.
                Type 'FieldValues' is missing the following properties from type '{ LITE_COIN_PRICE: number; PREMIUM_COIN_PRICE: number; }': LITE_COIN_PRICE, PREMIUM_COIN_PRICE
